// Jest Snapshot v1, https://goo.gl/fbAQLP

exports[`App Matchs snapshot 1`] = `
<div>
  <header>
    <a
      href="/"
      onClick={[Function]}
    >
      Home
    </a>
  </header>
  <main />
</div>
`;
