// Jest Snapshot v1, https://goo.gl/fbAQLP

exports[`Settings Config Matchs snapshot 1`] = `
<form
  className="sc-bdVaJa fAoWzh"
  onSubmit={[Function]}
>
  <h1
    className="sc-kAzzGY eLRiub"
  >
    Settings Config
  </h1>
  <fieldset
    className="sc-bwzfXH gSXRtU"
  >
    <div
      className="sc-htpNat QOKog"
    >
      <label
        className="sc-bxivhb fMASpP"
      >
        <b>
          25
        </b>
         minutes working time
      </label>
      <div
        aria-orientation="horizontal"
        aria-valuemax={60}
        aria-valuemin={5}
        aria-valuenow={25}
        className="rangeslider rangeslider-horizontal sc-dnqmqq kGnwsx"
        onMouseDown={[Function]}
        onMouseUp={[Function]}
        onTouchEnd={[Function]}
        onTouchStart={[Function]}
      >
        <div
          className="rangeslider__fill"
          style={
            Object {
              "width": "0px",
            }
          }
        />
        <div
          className="rangeslider__handle"
          onKeyDown={[Function]}
          onMouseDown={[Function]}
          onTouchEnd={[Function]}
          onTouchMove={[Function]}
          style={
            Object {
              "left": "0px",
            }
          }
          tabIndex={0}
        >
          <div
            className="rangeslider__handle-label"
          >
            
          </div>
        </div>
        <ul
          className="rangeslider__labels"
        />
      </div>
    </div>
    <div
      className="sc-htpNat QOKog"
    >
      <label
        className="sc-bxivhb fMASpP"
      >
        <b>
          5
        </b>
         minutes resting time
      </label>
      <div
        aria-orientation="horizontal"
        aria-valuemax={15}
        aria-valuemin={1}
        aria-valuenow={5}
        className="rangeslider rangeslider-horizontal sc-dnqmqq kGnwsx"
        onMouseDown={[Function]}
        onMouseUp={[Function]}
        onTouchEnd={[Function]}
        onTouchStart={[Function]}
      >
        <div
          className="rangeslider__fill"
          style={
            Object {
              "width": "0px",
            }
          }
        />
        <div
          className="rangeslider__handle"
          onKeyDown={[Function]}
          onMouseDown={[Function]}
          onTouchEnd={[Function]}
          onTouchMove={[Function]}
          style={
            Object {
              "left": "0px",
            }
          }
          tabIndex={0}
        >
          <div
            className="rangeslider__handle-label"
          >
            
          </div>
        </div>
        <ul
          className="rangeslider__labels"
        />
      </div>
    </div>
    <div
      className="sc-htpNat QOKog"
    >
      <label
        className="sc-bxivhb fMASpP"
      >
        Pause between pomodoros?
      </label>
      <div
        className="sc-bZQynM kijoyl"
      >
        <label
          className="sc-gzVnrw jpiMBn"
          selected={false}
        >
          <input
            className="sc-htoDjs kCGYta"
            id="id-1"
            onClick={[Function]}
            type="radio"
            value={true}
          />
          <span>
            Yes
          </span>
        </label>
        <label
          className="sc-gzVnrw lhwIJl"
          selected={true}
        >
          <input
            className="sc-htoDjs kCGYta"
            id="id-0"
            onClick={[Function]}
            type="radio"
            value={false}
          />
          <span>
            No
          </span>
        </label>
      </div>
    </div>
    <div
      className="sc-htpNat QOKog"
    >
      <label
        className="sc-bxivhb fMASpP"
      >
        Require confirm for ending tasks
      </label>
      <div
        className="sc-bZQynM kijoyl"
      >
        <label
          className="sc-gzVnrw jpiMBn"
          selected={false}
        >
          <input
            className="sc-htoDjs kCGYta"
            id="id-1"
            onClick={[Function]}
            type="radio"
            value={true}
          />
          <span>
            Yes
          </span>
        </label>
        <label
          className="sc-gzVnrw lhwIJl"
          selected={true}
        >
          <input
            className="sc-htoDjs kCGYta"
            id="id-0"
            onClick={[Function]}
            type="radio"
            value={false}
          />
          <span>
            No
          </span>
        </label>
      </div>
    </div>
  </fieldset>
  <button
    className="sc-chPdSV jlkacU"
    color="success"
    size="md"
    type="submit"
  >
    Save
  </button>
</form>
`;
