// Jest Snapshot v1, https://goo.gl/fbAQLP

exports[`ConnectedResizer Matchs snapshot 1`] = `null`;
