// Jest Snapshot v1, https://goo.gl/fbAQLP

exports[`Label Matchs snapshot 1`] = `
<label
  className="sc-bdVaJa khRasU"
>
  Dummy
</label>
`;
