// Jest Snapshot v1, https://goo.gl/fbAQLP

exports[`App Matchs snapshot 1`] = `null`;
