// Jest Snapshot v1, https://goo.gl/fbAQLP

exports[`Heading Matchs snapshot 1`] = `
<h1
  className="sc-dnqmqq eahMDG"
>
  Dummy
</h1>
`;
