// Jest Snapshot v1, https://goo.gl/fbAQLP

exports[`DynamicComponent Matchs snapshot 1`] = `<component />`;
