// Jest Snapshot v1, https://goo.gl/fbAQLP

exports[`Loading Matchs snapshot 1`] = `
<div>
  Loading
</div>
`;
